var1=5var2=10Import start
var1=5var3=100Import end
var2 after include = 100